// Jest Snapshot v1, https://goo.gl/fbAQLP

exports[`DiagService should get the diag layers 1`] = `
Array [
  Object {
    "id": "wms-sections-state-bad-layer",
    "layout": Object {
      "line-cap": "square",
      "line-join": "bevel",
    },
    "name": "Tronçons en mauvais état",
    "paint": Object {
      "line-color": "#fdae61",
      "line-opacity": 1,
      "line-width": 3,
    },
    "source": Object {
      "name": "wms-sections-state-bad-source",
      "tileSize": 256,
      "tiles": Array [
        "http://192.168.0.187:8080/geoserver/osiris/wms?SERVICE=WMS&VERSION=1.3.0&REQUEST=GetMap&BBOX={bbox-epsg-3857}&SRS=EPSG:3857&LAYERS=sections&STYLES=STATE&CQL_FILTER=state%3D%27BAD%27&WIDTH=256&HEIGHT=256&TRANSPARENT=TRUE&FORMAT=image/png",
      ],
      "type": "raster",
    },
    "type": "raster",
    "visible": true,
  },
  Object {
    "id": "wms-sections-state-good-layer",
    "layout": Object {
      "line-cap": "square",
      "line-join": "bevel",
    },
    "name": "Tronçons en bon état",
    "paint": Object {
      "line-color": "#1aae61",
      "line-opacity": 1,
      "line-width": 3,
    },
    "source": Object {
      "name": "wms-sections-state-good-source",
      "tileSize": 256,
      "tiles": Array [
        "http://192.168.0.187:8080/geoserver/osiris/wms?SERVICE=WMS&VERSION=1.3.0&REQUEST=GetMap&BBOX={bbox-epsg-3857}&SRS=EPSG:3857&LAYERS=sections&STYLES=STATE&CQL_FILTER=state%3D%27GOOD%27&WIDTH=256&HEIGHT=256&TRANSPARENT=TRUE&FORMAT=image/png",
      ],
      "type": "raster",
    },
    "type": "raster",
    "visible": true,
  },
  Object {
    "id": "wms-sections-state-medium-layer",
    "layout": Object {
      "line-cap": "square",
      "line-join": "bevel",
    },
    "name": "Tronçons en état passable",
    "paint": Object {
      "line-color": "#ffff80",
      "line-opacity": 1,
      "line-width": 3,
    },
    "source": Object {
      "name": "wms-sections-state-medium-source",
      "tileSize": 256,
      "tiles": Array [
        "http://192.168.0.187:8080/geoserver/osiris/wms?SERVICE=WMS&VERSION=1.3.0&REQUEST=GetMap&BBOX={bbox-epsg-3857}&SRS=EPSG:3857&LAYERS=sections&STYLES=STATE&CQL_FILTER=state%3D%27MEDIUM%27&WIDTH=256&HEIGHT=256&TRANSPARENT=TRUE&FORMAT=image/png",
      ],
      "type": "raster",
    },
    "type": "raster",
    "visible": true,
  },
  Object {
    "id": "wms-sections-state-very_bad-layer",
    "layout": Object {
      "line-cap": "square",
      "line-join": "bevel",
    },
    "name": "Tronçons en très mauvais état",
    "paint": Object {
      "line-color": "#d7191c",
      "line-opacity": 1,
      "line-width": 3,
    },
    "source": Object {
      "name": "wms-sections-state-very_bad-source",
      "tileSize": 256,
      "tiles": Array [
        "http://192.168.0.187:8080/geoserver/osiris/wms?SERVICE=WMS&VERSION=1.3.0&REQUEST=GetMap&BBOX={bbox-epsg-3857}&SRS=EPSG:3857&LAYERS=sections&STYLES=STATE&CQL_FILTER=state%3D%27VERY_BAD%27&WIDTH=256&HEIGHT=256&TRANSPARENT=TRUE&FORMAT=image/png",
      ],
      "type": "raster",
    },
    "type": "raster",
    "visible": true,
  },
]
`;

exports[`DiagService should get the section Id by lngLat 1`] = `382`;

exports[`DiagService should get the section by Id 1`] = `
Object {
  "bbox": Object {
    "ne": Object {
      "lat": 46.33160718862426,
      "lng": 4.217121596311442,
    },
    "sw": Object {
      "lat": 46.32997770709784,
      "lng": 4.215332891650218,
    },
  },
  "geometry": Object {
    "coordinates": Array [
      Array [
        4.215332891650234,
        46.32997770709784,
      ],
      Array [
        4.215374703665525,
        46.32998716762426,
      ],
      Array [
        4.215417095920034,
        46.330022738726825,
      ],
      Array [
        4.215473186033494,
        46.33008968399196,
      ],
      Array [
        4.21555427172823,
        46.330169871343095,
      ],
      Array [
        4.215674390318412,
        46.33025144349018,
      ],
      Array [
        4.215880613435362,
        46.33034650628709,
      ],
      Array [
        4.216045784049035,
        46.33040778472127,
      ],
      Array [
        4.216158584269035,
        46.330452510722864,
      ],
      Array [
        4.216228072140478,
        46.33047878663442,
      ],
      Array [
        4.216304579466592,
        46.33052840264445,
      ],
      Array [
        4.21634675248941,
        46.33055406938387,
      ],
      Array [
        4.2164100421343145,
        46.330593920011125,
      ],
      Array [
        4.216686937918686,
        46.33076837863557,
      ],
      Array [
        4.21687276908532,
        46.33088166891685,
      ],
      Array [
        4.2170044889732905,
        46.330958612942695,
      ],
      Array [
        4.217088217817969,
        46.33104057216825,
      ],
      Array [
        4.217117914808179,
        46.33108978689414,
      ],
      Array [
        4.21712159631144,
        46.33113837883525,
      ],
      Array [
        4.217104721831186,
        46.33119799722042,
      ],
      Array [
        4.217050474312416,
        46.33127242392059,
      ],
      Array [
        4.216951858613548,
        46.3314562943279,
      ],
      Array [
        4.216936283634419,
        46.331515898808604,
      ],
      Array [
        4.216933205645531,
        46.33155285539654,
      ],
      Array [
        4.216944345164214,
        46.33158605787643,
      ],
      Array [
        4.21697850020938,
        46.33160190362939,
      ],
      Array [
        4.21699533678978,
        46.331607188624254,
      ],
    ],
    "type": "LineString",
  },
  "id": 3,
  "properties": Object {
    "city": "Houilles",
    "layerIds": Object {
      "state": "wms-sections-state-medium-layer",
    },
    "length": 250,
    "neighborhood": "Quartier du Réveil Matin",
    "optionalProperties": Array [
      Object {
        "key": "hierarchy",
        "value": "4 - Distribution",
      },
      Object {
        "key": "nature",
        "value": "Enduit superficiel",
      },
    ],
    "roadwayScore": 1.64,
    "state": "MEDIUM",
    "streetName": "rue de Paris",
    "structureScore": 0.56,
    "surfaceScore": 0.52,
    "width": 2.8,
  },
}
`;

exports[`DiagService should get the section by lngLat 1`] = `
HttpErrorResponse {
  "error": ProgressEvent {
    "isTrusted": true,
  },
  "headers": HttpHeaders {
    "headers": Map {},
    "lazyUpdate": null,
    "normalizedNames": Map {},
  },
  "message": "Http failure response for http://192.168.0.187:10002/apicarto//feature?typeName=sections&lng=4.291694550962802&lat=46.287235361177835: 0 Unknown Error",
  "name": "HttpErrorResponse",
  "ok": false,
  "status": 0,
  "statusText": "Unknown Error",
  "url": "http://192.168.0.187:10002/apicarto//feature?typeName=sections&lng=4.291694550962802&lat=46.287235361177835",
}
`;
